  glm.cpp
  glm.cppm
C:\Dev\PROJECT_NGINE\OpenGL_101\Dependencies\include\glm\glm.cppm(1,1): error C4430: missing type specifier - int assumed. Note: C++ does not support default-int
C:\Dev\PROJECT_NGINE\OpenGL_101\Dependencies\include\glm\glm.cppm(10,1): error C3378: a declaration can be exported only from a module interface unit
C:\Dev\PROJECT_NGINE\OpenGL_101\Dependencies\include\glm\glm.cppm(10,8): error C4430: missing type specifier - int assumed. Note: C++ does not support default-int
C:\Dev\PROJECT_NGINE\OpenGL_101\Dependencies\include\glm\glm.cppm(10,8): error C2086: 'int module': redefinition
      C:\Dev\PROJECT_NGINE\OpenGL_101\Dependencies\include\glm\glm.cppm(1,1):
      see declaration of 'module'
  
C:\Dev\PROJECT_NGINE\OpenGL_101\Dependencies\include\glm\glm.cppm(10,15): error C2146: syntax error: missing ';' before identifier 'glm'
C:\Dev\PROJECT_NGINE\OpenGL_101\Dependencies\include\glm\glm.cppm(12,1): error C3378: a declaration can be exported only from a module interface unit
C:\Dev\PROJECT_NGINE\OpenGL_101\Dependencies\include\glm\glm.cppm(2672,1): error C3378: a declaration can be exported only from a module interface unit
  imgui.cpp
  imgui_demo.cpp
  imgui_draw.cpp
  imgui_impl_glfw.cpp
  imgui_impl_opengl3.cpp
  imgui_tables.cpp
  imgui_widgets.cpp
  main.cpp
C:\Dev\PROJECT_NGINE\OpenGL_101\particle.h(190,21): warning C4305: 'initializing': truncation from 'double' to 'float'
  (compiling source file 'main.cpp')
  
C:\Dev\PROJECT_NGINE\OpenGL_101\particle.h(132,22): warning C4244: 'initializing': conversion from 'double' to 'float', possible loss of data
  (compiling source file 'main.cpp')
  
C:\Dev\PROJECT_NGINE\OpenGL_101\particle.h(142,21): warning C4244: 'initializing': conversion from 'double' to 'float', possible loss of data
  (compiling source file 'main.cpp')
  
C:\Dev\PROJECT_NGINE\OpenGL_101\main.cpp(68,32): warning C4018: '<': signed/unsigned mismatch
C:\Dev\PROJECT_NGINE\OpenGL_101\main.cpp(270,65): warning C4305: 'argument': truncation from 'double' to 'float'
C:\Dev\PROJECT_NGINE\OpenGL_101\main.cpp(344,36): warning C4018: '<': signed/unsigned mismatch
